C.SCS/0/0.WD.URPL.SDI/25000000/6000000.BS/SD.PS.SD/0x0/0x1000/0x1000/0.PE.BS.SD/0x1000/0x8400/0x8400/0.BE.J.
FSBL Jb2829:g8e970aa49:2024-11-22T13:36:12+08:00
st_on_reason=d0000
st_off_reason=0
P2S/0x1000/0xc00a400.
SD/0x9400/0x1000/0x1000/0.P2E.
DPS/0xa400/0x2000.
SD/0xa400/0x2000/0x2000/0.DPE.
cv181x DDR init.
ddr_param[0]=0x78075562.
pkg_type=1
D2_4_1
DDR3-4G-BGA
Data rate=1866.
DDR BIST PASS
PLLS/OD.
C2S/0xc400/0x9fe00000/0x3600.
SD/0xc400/0x3600/0x3600/0.RSC.
C2RET.:
 
[M1S./207x4f6a6070]/P0rxe8 0s0y0s0t0e0m0 /i0nxi1tb 0d0o0n.e


RT: [1.280993]CVIRTOS Build Date:Nov 22 2024  (Time :13:36:12) 
RT: [1.286907]Post system init done
RT: [1.290222]create cvi task
RT: [1.293039][cvi_spinlock_init] succeess
RT: [1.296942]prvCmdQuRunTask run
SD/0xfa00/0x1b000/0x1b000/0.ME.
L2/0x2aa00.
SD/0x2aa00/0x200/0x200/0.L2/0x414d3342/0xcafe5bad/0x80200000/0x3cc00/0x3cc00
COMP/1.
SD/0x2aa00/0x3cc00/0x3cc00/0.DCP/0x80200020/0x1000000/0x81900020/0x3cc00/1.
DCP/0x803a8/0.
Loader_2nd loaded.
Switch RTC mode to xtal32k
Jump to monitor at 0x80000000.
OPENSBI: next_addr=0x80200020 arg1=0x80080000
OpenSBI v0.9
   ____                    _____ ____ _____
  / __ \                  / ____|  _ \_   _|
 | |  | |_ __   ___ _ __ | (___ | |_) || |
 | |  | | '_ \ / _ \ '_ \ \___ \|  _ < | |
 | |__| | |_) |  __/ | | |____) | |_) || |_
  \____/| .__/ \___|_| |_|_____/|____/_____|
        | |
        |_|

Platform Name             : Milk-V DuoS
Platform Features         : mfdeleg
Platform HART Count       : 1
Platform IPI Device       : clint
Platform Timer Device     : clint
Platform Console Device   : uart8250
Platform HSM Device       : ---
Platform SysReset Device  : ---
Firmware Base             : 0x80000000
Firmware Size             : 132 KB
Runtime SBI Version       : 0.3

Domain0 Name              : root
Domain0 Boot HART         : 0
Domain0 HARTs             : 0*
Domain0 Region00          : 0x0000000074000000-0x000000007400ffff (I)
Domain0 Region01          : 0x0000000080000000-0x000000008003ffff ()
Domain0 Region02          : 0x0000000000000000-0xffffffffffffffff (R,W,X)
Domain0 Next Address      : 0x0000000080200020
Domain0 Next Arg1         : 0x0000000080080000
Domain0 Next Mode         : S-mode
Domain0 SysReset          : yes

Boot HART ID              : 0
Boot HART Domain          : root
Boot HART ISA             : rv64imafdcvsux
Boot HART Features        : scounteren,mcounteren,time
Boot HART PMP Count       : 16
Boot HART PMP Granularity : 4096
Boot HART PMP Address Bits: 38
Boot HART MHPM Count      : 8
Boot HART MHPM Count      : 8
Boot HART MIDELEG         : 0x0000000000000222
Boot HART MEDELEG         : 0x000000000000b109


U-Boot 2021.10 (Nov 22 2024 - 13:36:04 +0800) cvitek_cv181x

DRAM:  510 MiB
gd->relocaddr=0x94bae000. offset=0x149ae000
set_rtc_register_for_power
MMC:   cv-sd@4310000: 0, wifi-sd@4320000: 1
Loading Environment from nowhere... OK
In:    serial
Out:   serial
Err:   serial
Net:   
Warning: ethernet@4070000 (eth0) using random MAC address - b6:76:e4:08:e5:34
eth0: ethernet@4070000
Hit any key to stop autoboot:  1  0 
Boot from SD ...
switch to partitions #0, OK
mmc0 is current device
3246540 bytes read in 144 ms (21.5 MiB/s)
## Loading kernel from FIT Image at 81800000 ...
   Using 'config-cv1813h_milkv_duos_sd' configuration
   Trying 'kernel-1' kernel subimage
     Description:  cvitek kernel
     Type:         Kernel Image
     Compression:  lzma compressed
     Data Start:   0x818000d8
     Data Size:    3224009 Bytes = 3.1 MiB
     Architecture: RISC-V
     OS:           Linux
     Load Address: 0x80200000
     Entry Point:  0x80200000
     Hash algo:    crc32
     Hash value:   48430114
   Verifying Hash Integrity ... crc32+ OK
## Loading fdt from FIT Image at 81800000 ...
   Using 'config-cv1813h_milkv_duos_sd' configuration
   Trying 'fdt-cv1813h_milkv_duos_sd' fdt subimage
     Description:  cvitek device tree - cv1813h_milkv_duos_sd
     Type:         Flat Device Tree
     Compression:  uncompressed
     Data Start:   0x81b133b8
     Data Size:    20656 Bytes = 20.2 KiB
     Architecture: RISC-V
     Hash algo:    sha256
     Hash value:   3b359b93e003c92d0dae248650133d12d98901ee5b8fe67eabf093fc05f2fc2a
   Verifying Hash Integrity ... sha256+ OK
   Booting using the fdt blob at 0x81b133b8
   Uncompressing Kernel Image
   Decompressing 7251456 bytes used 964ms
   Loading Device Tree to 000000009425d000, end 00000000942650af ... OK

Starting kernel ...

[    0.000000] Linux version 5.10.4-tag- (root@6af018e1172e) (riscv64-unknown-linux-musl-gcc (Xuantie-900 linux-5.10.4 musl gcc Toolchain V2.6.1 B-20220906) 10.2.0, GNU ld (GNU Binutils) 2.35) #1 PREEMPT Fri Nov 22 13:36:20 CST 2024

[    0.000000] earlycon: sbi0 at I/O port 0x0 (options '')

[    0.000000] printk: bootconsole [sbi0] enabled

[    0.000000] efi: UEFI not found.

[    0.000000] Ion: Ion memory setup at 0x0000000095400000 size 170 MiB

[    0.000000] OF: reserved mem: initialized node ion, compatible id ion-region

[    0.000000] Zone ranges:

[    0.000000]   DMA32    [mem 0x0000000080000000-0x000000009fdfffff]

[    0.000000]   Normal   empty

[    0.000000] Movable zone start for each node

[    0.000000] Early memory node ranges

[    0.000000]   node   0: [mem 0x0000000080000000-0x000000009fdfffff]

[    0.000000] Initmem setup node 0 [mem 0x0000000080000000-0x000000009fdfffff]

[    0.000000] On node 0 totalpages: 130560

[    0.000000]   DMA32 zone: 1785 pages used for memmap

[    0.000000]   DMA32 zone: 0 pages reserved

[    0.000000]   DMA32 zone: 130560 pages, LIFO batch:31

[    0.000000] SBI specification v0.3 detected

[    0.000000] SBI implementation ID=0x1 Version=0x9

[    0.000000] SBI v0.2 TIME extension detected

[    0.000000] SBI v0.2 IPI extension detected

[    0.000000] SBI v0.2 RFENCE extension detected

[    0.000000] riscv: ISA extensions acdfimsuv

[    0.000000] riscv: ELF capabilities acdfimv

[    0.000000] pcpu-alloc: s0 r0 d32768 u32768 alloc=1*32768

[    0.000000] pcpu-alloc: [0] 0 

[    0.000000] Built 1 zonelists, mobility grouping on.  Total pages: 128775

[    0.000000] Kernel command line: root=/dev/mmcblk0p3 rootwait rw console=ttyS0,115200 earlycon=sbi riscv.fwsz=0x80000 loglevel=9

[    0.000000] Dentry cache hash table entries: 65536 (order: 7, 524288 bytes, linear)

[    0.000000] Inode-cache hash table entries: 32768 (order: 6, 262144 bytes, linear)

[    0.000000] Sorting __ex_table...

[    0.000000] mem auto-init: stack:off, heap alloc:off, heap free:off

[    0.000000] Memory: 324276K/522240K available (4367K kernel code, 552K rwdata, 1944K rodata, 156K init, 219K bss, 197964K reserved, 0K cma-reserved)

[    0.000000] SLUB: HWalign=64, Order=0-3, MinObjects=0, CPUs=1, Nodes=1

[    0.000000] rcu: Preemptible hierarchical RCU implementation.

[    0.000000] rcu: 	RCU event tracing is enabled.

[    0.000000] 	Trampoline variant of Tasks RCU enabled.

[    0.000000] rcu: RCU calculated value of scheduler-enlistment delay is 25 jiffies.

[    0.000000] NR_IRQS: 64, nr_irqs: 64, preallocated irqs: 0

[    0.000000] riscv-intc: 64 local interrupts mapped

[    0.000000] plic: interrupt-controller@70000000: mapped 101 interrupts with 1 handlers for 2 contexts.

[    0.000000] random: get_random_bytes called from start_kernel+0x2dc/0x418 with crng_init=0

[    0.000000] riscv_timer_init_dt: Registering clocksource cpuid [0] hartid [0]

[    0.000000] clocksource: riscv_clocksource: mask: 0xffffffffffffffff max_cycles: 0x5c40939b5, max_idle_ns: 440795202646 ns

[    0.000008] sched_clock: 64 bits at 25MHz, resolution 40ns, wraps every 4398046511100ns

[    0.008402] Calibrating delay loop (skipped), value calculated using timer frequency.. 50.00 BogoMIPS (lpj=100000)

[    0.019124] pid_max: default: 4096 minimum: 301

[    0.024005] Mount-cache hash table entries: 1024 (order: 1, 8192 bytes, linear)

[    0.031511] Mountpoint-cache hash table entries: 1024 (order: 1, 8192 bytes, linear)

[    0.040962] ASID allocator initialised with 65536 entries

[    0.046647] rcu: Hierarchical SRCU implementation.

[    0.052052] EFI services will not be available.

[    0.057126] devtmpfs: initialized

[    0.065698] early_time_log: do_initcalls: 4613457us

[    0.071266] clocksource: jiffies: mask: 0xffffffff max_cycles: 0xffffffff, max_idle_ns: 7645041785100000 ns

[    0.081309] futex hash table entries: 16 (order: -4, 384 bytes, linear)

[    0.088266] pinctrl core: initialized pinctrl subsystem

[    0.094073] NET: Registered protocol family 16

[    0.099028] DMA: preallocated 128 KiB GFP_KERNEL pool for atomic allocations

[    0.106328] DMA: preallocated 128 KiB GFP_KERNEL|GFP_DMA32 pool for atomic allocations

[    0.115035] thermal_sys: Registered thermal governor 'step_wise'

[    0.128942] OF: /gpio@03020000/gpio-controller@0: could not find phandle

[    0.142144] OF: /gpio@03021000/gpio-controller@1: could not find phandle

[    0.149136] OF: /gpio@03022000/gpio-controller@2: could not find phandle

[    0.156124] OF: /gpio@03023000/gpio-controller@3: could not find phandle

[    0.163112] OF: /gpio@05021000/gpio-controller@4: could not find phandle

[    0.171848] clk reset: nr_reset=64 resource_size=8

[    0.177348] get audio clk=24576000

[    0.180871] cvitek-i2s-subsys 4108000.i2s_subsys: Set clk_sdma_aud0~3 to 24576000

[    0.202305] dw_dmac 4330000.dma: CVITEK DMA Controller, 8 channels, probe done!

[    0.210675] SCSI subsystem initialized

[    0.214859] usbcore: registered new interface driver usbfs

[    0.220632] usbcore: registered new interface driver hub

[    0.226166] usbcore: registered new device driver usb

[    0.234245] Ion: ion_parse_dt_heap_common: id 0 type 2 name carveout align 1000

[    0.242238] Ion: rmem_ion_device_init: heap carveout base 0x0000000095400000 size 0x000000000aa00000 dev (____ptrval____)

[    0.253513] ion_carveout_heap_create, size=0xaa00000

[    0.258812] cvi_get_rtos_ion_size, rtos ion_size get:0x1600000

[    0.264790] ion_carveout_heap_create, size(exclusion of rtos_ion_size)=0x9400000

[    0.857244] platform carveout: [ion] add heap id 0, type 2, base 0x95400000, size 0xaa00000

[    0.866158] Advanced Linux Sound Architecture Driver Initialized.

[    0.873018] Bluetooth: Core ver 2.22

[    0.876731] NET: Registered protocol family 31

[    0.881323] Bluetooth: HCI device and connection manager initialized

[    0.887957] Bluetooth: HCI socket layer initialized

[    0.893064] Bluetooth: L2CAP socket layer initialized

[    0.898370] Bluetooth: SCO socket layer initialized

[    0.904004] clocksource: Switched to clocksource riscv_clocksource

[    0.912403] NET: Registered protocol family 2

[    0.917810] tcp_listen_portaddr_hash hash table entries: 256 (order: 0, 4096 bytes, linear)

[    0.926499] TCP established hash table entries: 4096 (order: 3, 32768 bytes, linear)

[    0.934511] TCP bind hash table entries: 4096 (order: 3, 32768 bytes, linear)

[    0.941950] TCP: Hash tables configured (established 4096 bind 4096)

[    0.948672] UDP hash table entries: 256 (order: 1, 8192 bytes, linear)

[    0.955441] UDP-Lite hash table entries: 256 (order: 1, 8192 bytes, linear)

[    0.962841] NET: Registered protocol family 1

[    0.967872] RPC: Registered named UNIX socket transport module.

[    0.973997] RPC: Registered udp transport module.

[    0.978867] RPC: Registered tcp transport module.

[    0.983789] RPC: Registered tcp NFSv4.1 backchannel transport module.

[    0.992698] Initialise system trusted keyrings

[    0.997519] workingset: timestamp_bits=62 max_order=17 bucket_order=0

[    1.010406] squashfs: version 4.0 (2009/01/31) Phillip Lougher

[    1.072533] Key type asymmetric registered

[    1.076785] Asymmetric key parser 'x509' registered

[    1.087169] cvi_rtos_cmdqu_init

[    1.090634] cvi_rtos_cmdqu_probe start ---

[    1.094860] name=1900000.rtos_cmdqu

[    1.098677] res-reg: start: 0x1900000, end: 0x1900fff, virt-addr(ffffffd0058a6000).

[    1.106580] RTOS_CMDQU_INIT

[    1.109515] mbox_reg=(____ptrval____)

[    1.113340] mbox_done_reg=(____ptrval____)

[    1.117636] mailbox_context=(____ptrval____)

[    1.122146] cvi_rtos_cmdqu_probe DONE

[    1.126086] cvi_rtos_cmdqu_init done

[    1.129753] [cvi_spinlock_init] success

[    1.133944] Serial: 8250/16550 driver, 5 ports, IRQ sharing disabled

[    1.142140] printk: console [ttyS0] disabled

[    1.146634] 4140000.serial: ttyS0 at MMIO 0x4140000 (irq = 14, base_baud = 1562500) is a 16550A

[    1.155661] printk: console [ttyS0] enabled
[    1.155661] printk: console [ttyS0] enabled

[    1.164254] printk: bootconsole [sbi0] disabled
[    1.164254] printk: bootconsole [sbi0] disabled

[    1.174353] 4150000.serial: ttyS1 at MMIO 0x4150000 (irq = 15, base_baud = 1562500) is a 16550A
[    1.184195] 4160000.serial: ttyS2 at MMIO 0x4160000 (irq = 16, base_baud = 1562500) is a 16550A
[    1.193951] 4170000.serial: ttyS3 at MMIO 0x4170000 (irq = 17, base_baud = 1562500) is a 16550A
[    1.203734] 41c0000.serial: ttyS4 at MMIO 0x41c0000 (irq = 18, base_baud = 1562500) is a 16550A
[    1.216210] libphy: Fixed MDIO Bus: probed
[    1.221170] bm-dwmac 4070000.ethernet: IRQ eth_wake_irq not found
[    1.227526] bm-dwmac 4070000.ethernet: IRQ eth_lpi not found
[    1.233493] bm-dwmac 4070000.ethernet: Hash table entries set to unexpected value 0
[    1.241547] bm-dwmac 4070000.ethernet: no reset control found
[    1.247727] bm-dwmac 4070000.ethernet: User ID: 0x10, Synopsys ID: 0x37
[    1.254640] bm-dwmac 4070000.ethernet: 	DWMAC1000
[    1.259539] bm-dwmac 4070000.ethernet: DMA HW capability register supported
[    1.266759] bm-dwmac 4070000.ethernet: RX Checksum Offload Engine supported
[    1.273977] bm-dwmac 4070000.ethernet: COE Type 2
[    1.278863] bm-dwmac 4070000.ethernet: TX Checksum insertion supported
[    1.285668] bm-dwmac 4070000.ethernet: Normal descriptors
[    1.291279] bm-dwmac 4070000.ethernet: Ring mode enabled
[    1.296795] bm-dwmac 4070000.ethernet: Enable RX Mitigation via HW Watchdog Timer
[    1.304553] bm-dwmac 4070000.ethernet: device MAC address b6:76:e4:08:e5:34
[    1.335789] libphy: stmmac: probed
[    1.339554] CVITEK CV182XA stmmac-0:00: attached PHY driver [CVITEK CV182XA] (mii_bus:phy_addr=stmmac-0:00, irq=POLL)
[    1.350688] CVITEK CV182XA stmmac-0:01: attached PHY driver [CVITEK CV182XA] (mii_bus:phy_addr=stmmac-0:01, irq=POLL)
[    1.362775] bm-dwmac 4070000.ethernet: Cannot get clk_500m_eth!
[    1.369038] bm-dwmac 4070000.ethernet: Cannot get gate_clk_axi4!
[    1.375554] usbcore: registered new interface driver asix
[    1.381242] usbcore: registered new interface driver ax88179_178a
[    1.387627] usbcore: registered new interface driver cdc_ether
[    1.393769] usbcore: registered new interface driver smsc95xx
[    1.399793] usbcore: registered new interface driver net1080
[    1.405737] usbcore: registered new interface driver cdc_subset
[    1.411939] usbcore: registered new interface driver zaurus
[    1.417808] usbcore: registered new interface driver cdc_ncm
[    1.424499] dwc2 4340000.usb: axi clk installed
[    1.429237] dwc2 4340000.usb: apb clk installed
[    1.433951] dwc2 4340000.usb: 125m clk installed
[    1.438755] dwc2 4340000.usb: 33k clk installed
[    1.443466] dwc2 4340000.usb: 12m clk installed
[    1.448253] dwc2 4340000.usb: EPs: 8, dedicated fifos, 3072 entries in SPRAM
[    1.456061] dwc2 4340000.usb: DWC OTG Controller
[    1.460901] dwc2 4340000.usb: new USB bus registered, assigned bus number 1
[    1.468172] dwc2 4340000.usb: irq 39, io mem 0x04340000
[    1.474445] hub 1-0:1.0: USB hub found
[    1.478448] hub 1-0:1.0: 1 port detected
[    1.483911] usbcore: registered new interface driver usb-storage
[    1.490533] i2c /dev entries driver
[    1.495834] Bluetooth: HCI UART driver ver 2.3
[    1.500485] Bluetooth: HCI UART protocol H4 registered
[    1.506291] sdhci: Secure Digital Host Controller Interface driver
[    1.512720] sdhci: Copyright(c) Pierre Ossman
[    1.517248] sdhci-pltfm: SDHCI platform and OF driver helper
[    1.523348] cvi:sdhci_cvi_probe
[    1.572018] mmc0: SDHCI controller on 4310000.cv-sd [4310000.cv-sd] using ADMA 64-bit
[    1.580175] cvi_proc_init cvi_host 0x(____ptrval____)
[    1.585781] cvi:sdhci_cvi_probe
[    1.628575] mmc1: SDHCI controller on 4320000.wifi-sd [4320000.wifi-sd] using ADMA 64-bit
[    1.637713] usbcore: registered new interface driver usbhid
[    1.643648] usbhid: USB HID core driver
[    1.648554] usbcore: registered new interface driver snd-usb-audio
[    1.655920] cvitek-i2s 4100000.i2s: cvi_i2s_probe
[    1.661517] cvitek-i2s 4130000.i2s: cvi_i2s_probe
[    1.667416] cviteka-adc sound_adc: cviteka_adc_probe, dev name=sound_adc
[    1.674656] cviteka-adc sound_adc: cviteka_adc_probe start devm_snd_soc_register_card
[    1.695743] cvitekaadc 300a100.adc: cvitekaadc_probe
[    1.708660] cviteka-dac sound_dac: cviteka_dac_probe, dev name=sound_dac
[    1.715766] mmc0: new high speed SDHC card at address 0001
[    1.721889] cvitekadac 300a000.dac: cvitekadac_probe
[    1.727848] mmcblk0: mmc0:0001 asdfg 14.6 GiB 
[    1.732746] cvitekadac_probe gpio_is_valid mute_pin_l
[    1.738798] cvitekadac_probe gpio_is_valid mute_pin_r
[    1.745505]  mmcblk0: p1 p2 p3
[    1.749400] NET: Registered protocol family 10
[    1.756674] Segment Routing with IPv6
[    1.760643] sit: IPv6, IPv4 and MPLS over IPv4 tunneling driver
[    1.767634] NET: Registered protocol family 17
[    1.772457] Bluetooth: RFCOMM TTY layer initialized
[    1.777669] Bluetooth: RFCOMM socket layer initialized
[    1.783182] Bluetooth: RFCOMM ver 1.11
[    1.787259] Bluetooth: BNEP (Ethernet Emulation) ver 1.3
[    1.792866] Bluetooth: BNEP filters: protocol multicast
[    1.798356] Bluetooth: BNEP socket layer initialized
[    1.803563] Bluetooth: HIDP (Human Interface Emulation) ver 1.2
[    1.809747] Bluetooth: HIDP socket layer initialized
[    1.815214] Loading compiled-in X.509 certificates
[    1.839703] cviteka-adc sound_adc: cviteka_adc_probe, dev name=sound_adc
[    1.846763] cviteka-adc sound_adc: cviteka_adc_probe start devm_snd_soc_register_card
[    1.859825] cviteka-dac sound_dac: cviteka_dac_probe, dev name=sound_dac
[    1.872193] cfg80211: Loading compiled-in X.509 certificates for regulatory database
[    1.882934] cfg80211: Loaded X.509 cert 'sforshee: 00b28ddf47aef9cea7'
[    1.890115] cfg80211: failed to load regulatory.db
[    1.895296] ALSA device list:
[    1.898760] dw-apb-uart 4140000.serial: forbid DMA for kernel console
[    1.910462] EXT4-fs (mmcblk0p3): mounted filesystem with ordered data mode. Opts: (null)
[    1.918979] VFS: Mounted root (ext4 filesystem) on device 179:3.
[    1.926729] devtmpfs: mounted
[    1.930016] Freeing unused kernel memory: 156K
[    1.934675] Kernel memory protection not selected by kernel config.
[    1.941229] Run /sbin/init as init process
[    1.945497]   with arguments:
[    1.948593]     /sbin/init
[    1.951395]   with environment:
[    1.954665]     HOME=/
[    1.957132]     TERM=linux
[    1.959935] early_time_log: run_init_process: 6507701us
[    2.018721] EXT4-fs (mmcblk0p3): re-mounted. Opts: errors=remount-ro
[    2.038161] random: fast init done
Starting syslogd: OK
Starting klogd: OK
Running sysctl: OK
Initializing random number generator: OK
Saving random seed: [    2.427290] random: dd: uninitialized urandom read (512 bytes read)
OK
Starting system message bus: [    2.500542] random: dbus-uuidgen: uninitialized urandom read (12 bytes read)
[    2.508320] random: dbus-uuidgen: uninitialized urandom read (8 bytes read)
done
Starting bluetoothd: OK
Starting network: OK
Starting dhcpcd...
dhcpcd-9.4.0 starting
DUID 00:01:00:01:c7:92:bc:82:5e:18:13:5d:95:7b
dhcp_vendor: Invalid argument
forked to background, child pid [    2.844181] bm-dwmac 4070000.ethernet eth0: PHY [stmmac-0:00] driver [CVITEK CV182XA] (irq=POLL)
159
Bad system call
Starting ntpd: [    2.868080] dwmac1000: Master AXI performs any burst length
[    2.874592] bm-dwmac 4070000.ethernet eth0: No Safety Features support found
[    2.882536] bm-dwmac 4070000.ethernet eth0: IEEE 1588-2002 Timestamp supported
[    2.891719] bm-dwmac 4070000.ethernet eth0: configuring for phy/rmii link mode
OK
Starting dropbear sshd: OK
Starting dnsmasq: OK
init mpp system...
[    3.068258] cv181x_sys: bad vermagic: kernel tainted.
[    3.073534] Disabling lock debugging due to kernel taint
[    3.079381] cv181x_sys: loading out-of-tree module taints kernel.
[    3.101421] res-reg: start: 0xa0c8000, end: 0xa0c801f, virt-addr(ffffffd0040a6000).
[    3.109848] CVITEK CHIP ID = 21
[    3.125049] cif a0c2000.cif: cam0 clk installed
[    3.129847] cif a0c2000.cif: cam1 clk installed
[    3.135164] cif a0c2000.cif: vip_sys_2 clk installed
[    3.140631] cif a0c2000.cif: clk_mipimpll clk installed (____ptrval____)
[    3.147853] cif a0c2000.cif: clk_disppll clk installed (____ptrval____)
[    3.154976] cif a0c2000.cif: clk_fpll clk installed (____ptrval____)
[    3.161807] cif a0c2000.cif: (0) res-reg: start: 0xa0c2000, end: 0xa0c3fff.
[    3.169245] cif a0c2000.cif:  virt-addr((____ptrval____))
[    3.175078] cif a0c2000.cif: (1) res-reg: start: 0xa0d0000, end: 0xa0d0fff.
[    3.182514] cif a0c2000.cif:  virt-addr((____ptrval____))
[    3.188348] cif a0c2000.cif: (2) res-reg: start: 0xa0c4000, end: 0xa0c5fff.
[    3.195783] cif a0c2000.cif:  virt-addr((____ptrval____))
[    3.201618] cif a0c2000.cif: (3) res-reg: start: 0xa0c6000, end: 0xa0c7fff.
[    3.209052] cif a0c2000.cif:  virt-addr((____ptrval____))
[    3.214885] cif a0c2000.cif: (4) res-reg: start: 0x3001c30, end: 0x3001c5f.
[    3.222319] cif a0c2000.cif:  virt-addr((____ptrval____))
[    3.228173] cif a0c2000.cif: no pad_ctrl for cif
[    3.233245] cif a0c2000.cif: request irq-28 as cif-irq0
[    3.238948] cif a0c2000.cif: request irq-29 as cif-irq1
[    3.244631] cif a0c2000.cif: rst_pin = 482, pol = 1
[    3.254838] snsr_i2c snsr_i2c: i2c:-------hook 1
[    3.259816] snsr_i2c snsr_i2c: i2c:-------hook 2
[    3.265116] snsr_i2c snsr_i2c: i2c:-------hook 3
[    3.270269] snsr_i2c snsr_i2c: i2c:-------hook 4
[    3.314173] vi_core_probe:203(): res-reg: start: 0xa000000, end: 0xa07ffff, virt-addr(ffffffd004200000).
[    3.324062] vi_core_probe:216(): irq(30) for isp get from platform driver.
[    3.331966] vi_tuning_buf_setup:253(): tuning fe_addr[0]=0x8213f490, be_addr[0]=0x82137290, post_addr[0]=0x82120000
[    3.343129] vi_tuning_buf_setup:253(): tuning fe_addr[1]=0x8215f490, be_addr[1]=0x82157290, post_addr[1]=0x82140000
[    3.354236] vi_tuning_buf_setup:253(): tuning fe_addr[2]=0x8217f490, be_addr[2]=0x82177290, post_addr[2]=0x82160000
[    3.365295] sync_task_init:177(): sync_task_init vi_pipe 0
[    3.371209] sync_task_init:177(): sync_task_init vi_pipe 1
[    3.377117] sync_task_init:177(): sync_task_init vi_pipe 2
[    3.383429] vi_core_probe:252(): isp registered as cvi-vi
[    3.433562] cvi_dwa_probe:487(): done with rc(0).
[    3.460768] cvi-mipi-tx mipi_tx: IRQ index 0 not found
[    3.466301] cvi-mipi-tx mipi_tx: vbat irq(-6)
[    3.471219] cvi-mipi-tx mipi_tx: reset gpio pin(354) active(0)
[    3.477524] cvi-mipi-tx mipi_tx: power ctrl gpio pin(353) active(1)
[    3.484257] cvi-mipi-tx mipi_tx: pwm gpio pin(352) active(1)
[    3.507611] cv181x-cooling cv181x_cooling: elems of dev-freqs=6
[    3.513854] cv181x-cooling cv181x_cooling: dev_freqs[0]: 850000000 500000000
[    3.521638] cv181x-cooling cv181x_cooling: dev_freqs[1]: 425000000 375000000
[    3.529206] cv181x-cooling cv181x_cooling: dev_freqs[2]: 425000000 300000000
[    3.536848] cv181x-cooling cv181x_cooling: Cooling device registered: cv181x_cooling
[    3.568130] jpu ctrl reg pa = 0xb030000, va = (____ptrval____), size = 256
[    3.575664] end jpu_init result = 0x0
[    3.677992] cvi_vc_drv_init result = 0x0
[    3.745145] sh (195): drop_caches: 3
Starting app...

[root@milkv-duo]~# [    5.476052] aicbsp: sdio_err:<aicwf_sdio_bus_pwrctl,1432>: bus down
[    6.183363] ieee80211 phy0: 
[    6.183363] *******************************************************
[    6.183363] ** CAUTION: USING PERMISSIVE CUSTOM REGULATORY RULES **
[    6.183363] *******************************************************

[root@milkv-duo]~# wh
[root@milkv-duo]~# wh[Jo
[root@milkv-duo]~# who[J[J[J[Jls /
[0m[01;34mbin[0m   [01;34mdev[0m  [01;34mlib[0m    [01;34mlibexec[0m  [01;34mlost+found[0m  [01;34mmnt[0m  [01;34mproc[0m  [01;34mrun[0m   [01;34msys[0m  [01;34musr[0m
[01;34mboot[0m  [01;34metc[0m  [01;36mlib64[0m  [01;36mlinuxrc[0m  [01;34mmedia[0m       [01;34mopt[0m  [01;34mroot[0m  [01;34msbin[0m  [30;42mtmp[0m  [01;34mvar[0m
[root@milkv-duo]~# 